
ΓòöΓòÉΓòÉΓòÉΓòÉΓòÉΓòÉΓòÉΓòÉΓòÉΓòÉΓòÉΓòÉΓòÉΓòÉΓòÉΓòÉΓòÉΓòÉΓòÉΓòÉΓòÉΓòÉΓòÉΓòÉΓòÉΓòÉΓòÉΓòÉΓòÉΓòÉΓòÉΓòÉΓòÉΓòÉΓòÉΓòÉΓòÉΓòÉΓòÉΓòÉΓòÉΓòÉΓòÉΓòÉΓòÉΓòÉΓòù
Γòæ   TEENSY 4.1 GUITAR TUNER - NATIVE TESTS    Γòæ
Γòæ             Full System Validation            Γòæ
ΓòÜΓòÉΓòÉΓòÉΓòÉΓòÉΓòÉΓòÉΓòÉΓòÉΓòÉΓòÉΓòÉΓòÉΓòÉΓòÉΓòÉΓòÉΓòÉΓòÉΓòÉΓòÉΓòÉΓòÉΓòÉΓòÉΓòÉΓòÉΓòÉΓòÉΓòÉΓòÉΓòÉΓòÉΓòÉΓòÉΓòÉΓòÉΓòÉΓòÉΓòÉΓòÉΓòÉΓòÉΓòÉΓòÉΓòÉΓò¥

Initializing systems...
Audio processing initialized with custom Radix-2 FFT (no NEON).
Sample rate: 10000 Hz, FFT size: 256, Buffer size: 1024 samples
FFT initialized successfully.
String detection module initialized.
Number of notes in database: 33
Γ£ô Audio processing ready
Γ£ô String detection ready


ΓòöΓòÉΓòÉΓòÉΓòÉΓòÉΓòÉΓòÉΓòÉΓòÉΓòÉΓòÉΓòÉΓòÉΓòÉΓòÉΓòÉΓòÉΓòÉΓòÉΓòÉΓòÉΓòÉΓòÉΓòÉΓòÉΓòÉΓòÉΓòÉΓòÉΓòÉΓòÉΓòÉΓòÉΓòÉΓòÉΓòÉΓòÉΓòÉΓòÉΓòÉΓòÉΓòÉΓòÉΓòÉΓòù
Γòæ         TEST 1: FFT COMPUTATION            Γòæ
ΓòÜΓòÉΓòÉΓòÉΓòÉΓòÉΓòÉΓòÉΓòÉΓòÉΓòÉΓòÉΓòÉΓòÉΓòÉΓòÉΓòÉΓòÉΓòÉΓòÉΓòÉΓòÉΓòÉΓòÉΓòÉΓòÉΓòÉΓòÉΓòÉΓòÉΓòÉΓòÉΓòÉΓòÉΓòÉΓòÉΓòÉΓòÉΓòÉΓòÉΓòÉΓòÉΓòÉΓòÉΓòÉΓò¥

Generating E2 (82.41 Hz)...
FFT detected frequency: 78.12 Hz (peak magnitude: 1.25, max amplitude: 9999)
  Target: 82.41 Hz | Detected: 78.12 Hz | Error: 4.28 Hz | Γ£ô PASS
Generating A2 (110.00 Hz)...
FFT detected frequency: 117.19 Hz (peak magnitude: 2.77, max amplitude: 10000)
  Target: 110.00 Hz | Detected: 117.19 Hz | Error: 7.19 Hz | Γ£ù FAIL
Generating D3 (146.83 Hz)...
FFT detected frequency: 156.25 Hz (peak magnitude: 3.27, max amplitude: 9999)
  Target: 146.83 Hz | Detected: 156.25 Hz | Error: 9.42 Hz | Γ£ù FAIL
Generating G3 (196.00 Hz)...
FFT detected frequency: 195.31 Hz (peak magnitude: 0.00, max amplitude: 10000)
  Target: 196.00 Hz | Detected: 195.31 Hz | Error: 0.69 Hz | Γ£ô PASS
Generating B3 (246.94 Hz)...
FFT detected frequency: 234.38 Hz (peak magnitude: 2.68, max amplitude: 9999)
  Target: 246.94 Hz | Detected: 234.38 Hz | Error: 12.56 Hz | Γ£ù FAIL
Generating E4 (329.63 Hz)...
FFT detected frequency: 312.50 Hz (peak magnitude: 2.77, max amplitude: 9999)
  Target: 329.63 Hz | Detected: 312.50 Hz | Error: 17.13 Hz | Γ£ù FAIL

Γû╢ FFT Test Result: 2/6 PASSED (33%)


ΓòöΓòÉΓòÉΓòÉΓòÉΓòÉΓòÉΓòÉΓòÉΓòÉΓòÉΓòÉΓòÉΓòÉΓòÉΓòÉΓòÉΓòÉΓòÉΓòÉΓòÉΓòÉΓòÉΓòÉΓòÉΓòÉΓòÉΓòÉΓòÉΓòÉΓòÉΓòÉΓòÉΓòÉΓòÉΓòÉΓòÉΓòÉΓòÉΓòÉΓòÉΓòÉΓòÉΓòÉΓòÉΓòù
Γòæ       TEST 2: PEAK DETECTION ACCURACY      Γòæ
ΓòÜΓòÉΓòÉΓòÉΓòÉΓòÉΓòÉΓòÉΓòÉΓòÉΓòÉΓòÉΓòÉΓòÉΓòÉΓòÉΓòÉΓòÉΓòÉΓòÉΓòÉΓòÉΓòÉΓòÉΓòÉΓòÉΓòÉΓòÉΓòÉΓòÉΓòÉΓòÉΓòÉΓòÉΓòÉΓòÉΓòÉΓòÉΓòÉΓòÉΓòÉΓòÉΓòÉΓòÉΓòÉΓò¥

Testing peak detection at 100.0 Hz...
FFT detected frequency: 117.19 Hz (peak magnitude: 4.71, max amplitude: 5000)
  Expected: 100.0 Hz | Got: 117.2 Hz | Error: 17.2 Hz | Γ£ù FAIL
Testing peak detection at 220.0 Hz...
FFT detected frequency: 234.38 Hz (peak magnitude: 1.90, max amplitude: 5000)
  Expected: 220.0 Hz | Got: 234.4 Hz | Error: 14.4 Hz | Γ£ù FAIL
Testing peak detection at 440.0 Hz...
FFT detected frequency: 429.69 Hz (peak magnitude: 0.52, max amplitude: 4999)
  Expected: 440.0 Hz | Got: 429.7 Hz | Error: 10.3 Hz | Γ£ù FAIL
Testing peak detection at 880.0 Hz...
FFT detected frequency: 898.44 Hz (peak magnitude: 0.55, max amplitude: 4999)
  Expected: 880.0 Hz | Got: 898.4 Hz | Error: 18.4 Hz | Γ£ù FAIL

Γû╢ Peak Detection Result: 0/4 PASSED (0%)


ΓòöΓòÉΓòÉΓòÉΓòÉΓòÉΓòÉΓòÉΓòÉΓòÉΓòÉΓòÉΓòÉΓòÉΓòÉΓòÉΓòÉΓòÉΓòÉΓòÉΓòÉΓòÉΓòÉΓòÉΓòÉΓòÉΓòÉΓòÉΓòÉΓòÉΓòÉΓòÉΓòÉΓòÉΓòÉΓòÉΓòÉΓòÉΓòÉΓòÉΓòÉΓòÉΓòÉΓòÉΓòÉΓòù
Γòæ         TEST 3: STRING DETECTION          Γòæ
ΓòÜΓòÉΓòÉΓòÉΓòÉΓòÉΓòÉΓòÉΓòÉΓòÉΓòÉΓòÉΓòÉΓòÉΓòÉΓòÉΓòÉΓòÉΓòÉΓòÉΓòÉΓòÉΓòÉΓòÉΓòÉΓòÉΓòÉΓòÉΓòÉΓòÉΓòÉΓòÉΓòÉΓòÉΓòÉΓòÉΓòÉΓòÉΓòÉΓòÉΓòÉΓòÉΓòÉΓòÉΓòÉΓò¥

Detecting string for 82.41 Hz (E2)...
  Detected: String 6 (E)
  Target Frequency: 82.41 Hz
  Cents Offset: 0.00
  Direction: IN_TUNE
  Result: Γ£ô PASS

Detecting string for 110.00 Hz (A2)...
  Detected: String 5 (A)
  Target Frequency: 110.00 Hz
  Cents Offset: 0.00
  Direction: IN_TUNE
  Result: Γ£ô PASS

Detecting string for 146.83 Hz (D3)...
  Detected: String 4 (D)
  Target Frequency: 146.83 Hz
  Cents Offset: 0.00
  Direction: IN_TUNE
  Result: Γ£ô PASS

Detecting string for 196.00 Hz (G3)...
  Detected: String 3 (G)
  Target Frequency: 196.00 Hz
  Cents Offset: 0.00
  Direction: IN_TUNE
  Result: Γ£ô PASS

Detecting string for 246.94 Hz (B3)...
  Detected: String 2 (B)
  Target Frequency: 246.94 Hz
  Cents Offset: 0.00
  Direction: IN_TUNE
  Result: Γ£ô PASS

Detecting string for 329.63 Hz (E4)...
  Detected: String 1 (E)
  Target Frequency: 329.63 Hz
  Cents Offset: 0.00
  Direction: IN_TUNE
  Result: Γ£ô PASS

Γû╢ String Detection Result: 6/6 PASSED (100%)


ΓòöΓòÉΓòÉΓòÉΓòÉΓòÉΓòÉΓòÉΓòÉΓòÉΓòÉΓòÉΓòÉΓòÉΓòÉΓòÉΓòÉΓòÉΓòÉΓòÉΓòÉΓòÉΓòÉΓòÉΓòÉΓòÉΓòÉΓòÉΓòÉΓòÉΓòÉΓòÉΓòÉΓòÉΓòÉΓòÉΓòÉΓòÉΓòÉΓòÉΓòÉΓòÉΓòÉΓòÉΓòÉΓòù
Γòæ    TEST 4: TUNING DIRECTION CALCULATION    Γòæ
ΓòÜΓòÉΓòÉΓòÉΓòÉΓòÉΓòÉΓòÉΓòÉΓòÉΓòÉΓòÉΓòÉΓòÉΓòÉΓòÉΓòÉΓòÉΓòÉΓòÉΓòÉΓòÉΓòÉΓòÉΓòÉΓòÉΓòÉΓòÉΓòÉΓòÉΓòÉΓòÉΓòÉΓòÉΓòÉΓòÉΓòÉΓòÉΓòÉΓòÉΓòÉΓòÉΓòÉΓòÉΓòÉΓò¥

440.0 Hz ΓåÆ 440.0 Hz: Got 'IN_TUNE' (expected 'IN_TUNE') | Γ£ô PASS
439.0 Hz ΓåÆ 440.0 Hz: Got 'UP' (expected 'UP') | Γ£ô PASS
441.0 Hz ΓåÆ 440.0 Hz: Got 'DOWN' (expected 'DOWN') | Γ£ô PASS
435.0 Hz ΓåÆ 440.0 Hz: Got 'UP' (expected 'UP') | Γ£ô PASS
450.0 Hz ΓåÆ 440.0 Hz: Got 'DOWN' (expected 'DOWN') | Γ£ô PASS
110.0 Hz ΓåÆ 110.0 Hz: Got 'IN_TUNE' (expected 'IN_TUNE') | Γ£ô PASS

Γû╢ Tuning Direction Result: 6/6 PASSED (100%)


ΓòöΓòÉΓòÉΓòÉΓòÉΓòÉΓòÉΓòÉΓòÉΓòÉΓòÉΓòÉΓòÉΓòÉΓòÉΓòÉΓòÉΓòÉΓòÉΓòÉΓòÉΓòÉΓòÉΓòÉΓòÉΓòÉΓòÉΓòÉΓòÉΓòÉΓòÉΓòÉΓòÉΓòÉΓòÉΓòÉΓòÉΓòÉΓòÉΓòÉΓòÉΓòÉΓòÉΓòÉΓòÉΓòù
Γòæ      TEST 5: MEMORY OPTIMIZATION           Γòæ
ΓòÜΓòÉΓòÉΓòÉΓòÉΓòÉΓòÉΓòÉΓòÉΓòÉΓòÉΓòÉΓòÉΓòÉΓòÉΓòÉΓòÉΓòÉΓòÉΓòÉΓòÉΓòÉΓòÉΓòÉΓòÉΓòÉΓòÉΓòÉΓòÉΓòÉΓòÉΓòÉΓòÉΓòÉΓòÉΓòÉΓòÉΓòÉΓòÉΓòÉΓòÉΓòÉΓòÉΓòÉΓòÉΓò¥

FFT Buffer Allocation:
  fft_real[256]:        1.00 KB
  fft_imag[256]:        1.00 KB
  magnitude[128]:       0.50 KB
  ΓöÇΓöÇΓöÇΓöÇΓöÇΓöÇΓöÇΓöÇΓöÇΓöÇΓöÇΓöÇΓöÇΓöÇΓöÇΓöÇΓöÇΓöÇΓöÇΓöÇΓöÇΓöÇΓöÇΓöÇΓöÇΓöÇΓöÇΓöÇΓöÇ
  Total FFT buffers:    2.50 KB

Teensy 4.1 Resources:
  Total Flash:          7.75 MB
  Total RAM:            512 KB
  Used by FFT:          2.50 KB (0.49%)
  Available for audio:  ~500 KB
  Status:               Γ£ô OPTIMIZED


ΓòöΓòÉΓòÉΓòÉΓòÉΓòÉΓòÉΓòÉΓòÉΓòÉΓòÉΓòÉΓòÉΓòÉΓòÉΓòÉΓòÉΓòÉΓòÉΓòÉΓòÉΓòÉΓòÉΓòÉΓòÉΓòÉΓòÉΓòÉΓòÉΓòÉΓòÉΓòÉΓòÉΓòÉΓòÉΓòÉΓòÉΓòÉΓòÉΓòÉΓòÉΓòÉΓòÉΓòÉΓòÉΓòù
Γòæ        TEST 6: PERFORMANCE METRICS         Γòæ
ΓòÜΓòÉΓòÉΓòÉΓòÉΓòÉΓòÉΓòÉΓòÉΓòÉΓòÉΓòÉΓòÉΓòÉΓòÉΓòÉΓòÉΓòÉΓòÉΓòÉΓòÉΓòÉΓòÉΓòÉΓòÉΓòÉΓòÉΓòÉΓòÉΓòÉΓòÉΓòÉΓòÉΓòÉΓòÉΓòÉΓòÉΓòÉΓòÉΓòÉΓòÉΓòÉΓòÉΓòÉΓòÉΓò¥

FFT detected frequency: 429.69 Hz (peak magnitude: 1.04, max amplitude: 9999)
FFT detected frequency: 429.69 Hz (peak magnitude: 1.04, max amplitude: 9999)
FFT detected frequency: 429.69 Hz (peak magnitude: 1.04, max amplitude: 9999)
FFT detected frequency: 429.69 Hz (peak magnitude: 1.04, max amplitude: 9999)
FFT detected frequency: 429.69 Hz (peak magnitude: 1.04, max amplitude: 9999)
FFT detected frequency: 429.69 Hz (peak magnitude: 1.04, max amplitude: 9999)
FFT detected frequency: 429.69 Hz (peak magnitude: 1.04, max amplitude: 9999)
FFT detected frequency: 429.69 Hz (peak magnitude: 1.04, max amplitude: 9999)
FFT detected frequency: 429.69 Hz (peak magnitude: 1.04, max amplitude: 9999)
FFT detected frequency: 429.69 Hz (peak magnitude: 1.04, max amplitude: 9999)
FFT detected frequency: 429.69 Hz (peak magnitude: 1.04, max amplitude: 9999)
FFT detected frequency: 429.69 Hz (peak magnitude: 1.04, max amplitude: 9999)
FFT detected frequency: 429.69 Hz (peak magnitude: 1.04, max amplitude: 9999)
FFT detected frequency: 429.69 Hz (peak magnitude: 1.04, max amplitude: 9999)
FFT detected frequency: 429.69 Hz (peak magnitude: 1.04, max amplitude: 9999)
FFT detected frequency: 429.69 Hz (peak magnitude: 1.04, max amplitude: 9999)
FFT detected frequency: 429.69 Hz (peak magnitude: 1.04, max amplitude: 9999)
FFT detected frequency: 429.69 Hz (peak magnitude: 1.04, max amplitude: 9999)
FFT detected frequency: 429.69 Hz (peak magnitude: 1.04, max amplitude: 9999)
FFT detected frequency: 429.69 Hz (peak magnitude: 1.04, max amplitude: 9999)
FFT detected frequency: 429.69 Hz (peak magnitude: 1.04, max amplitude: 9999)
FFT detected frequency: 429.69 Hz (peak magnitude: 1.04, max amplitude: 9999)
FFT detected frequency: 429.69 Hz (peak magnitude: 1.04, max amplitude: 9999)
FFT detected frequency: 429.69 Hz (peak magnitude: 1.04, max amplitude: 9999)
FFT detected frequency: 429.69 Hz (peak magnitude: 1.04, max amplitude: 9999)
FFT detected frequency: 429.69 Hz (peak magnitude: 1.04, max amplitude: 9999)
FFT detected frequency: 429.69 Hz (peak magnitude: 1.04, max amplitude: 9999)
FFT detected frequency: 429.69 Hz (peak magnitude: 1.04, max amplitude: 9999)
FFT detected frequency: 429.69 Hz (peak magnitude: 1.04, max amplitude: 9999)
FFT detected frequency: 429.69 Hz (peak magnitude: 1.04, max amplitude: 9999)
FFT detected frequency: 429.69 Hz (peak magnitude: 1.04, max amplitude: 9999)
FFT detected frequency: 429.69 Hz (peak magnitude: 1.04, max amplitude: 9999)
FFT detected frequency: 429.69 Hz (peak magnitude: 1.04, max amplitude: 9999)
FFT detected frequency: 429.69 Hz (peak magnitude: 1.04, max amplitude: 9999)
FFT detected frequency: 429.69 Hz (peak magnitude: 1.04, max amplitude: 9999)
FFT detected frequency: 429.69 Hz (peak magnitude: 1.04, max amplitude: 9999)
FFT detected frequency: 429.69 Hz (peak magnitude: 1.04, max amplitude: 9999)
FFT detected frequency: 429.69 Hz (peak magnitude: 1.04, max amplitude: 9999)
FFT detected frequency: 429.69 Hz (peak magnitude: 1.04, max amplitude: 9999)
FFT detected frequency: 429.69 Hz (peak magnitude: 1.04, max amplitude: 9999)
FFT detected frequency: 429.69 Hz (peak magnitude: 1.04, max amplitude: 9999)
FFT detected frequency: 429.69 Hz (peak magnitude: 1.04, max amplitude: 9999)
FFT detected frequency: 429.69 Hz (peak magnitude: 1.04, max amplitude: 9999)
FFT detected frequency: 429.69 Hz (peak magnitude: 1.04, max amplitude: 9999)
FFT detected frequency: 429.69 Hz (peak magnitude: 1.04, max amplitude: 9999)
FFT detected frequency: 429.69 Hz (peak magnitude: 1.04, max amplitude: 9999)
FFT detected frequency: 429.69 Hz (peak magnitude: 1.04, max amplitude: 9999)
FFT detected frequency: 429.69 Hz (peak magnitude: 1.04, max amplitude: 9999)
FFT detected frequency: 429.69 Hz (peak magnitude: 1.04, max amplitude: 9999)
FFT detected frequency: 429.69 Hz (peak magnitude: 1.04, max amplitude: 9999)
FFT detected frequency: 429.69 Hz (peak magnitude: 1.04, max amplitude: 9999)
FFT detected frequency: 429.69 Hz (peak magnitude: 1.04, max amplitude: 9999)
FFT detected frequency: 429.69 Hz (peak magnitude: 1.04, max amplitude: 9999)
FFT detected frequency: 429.69 Hz (peak magnitude: 1.04, max amplitude: 9999)
FFT detected frequency: 429.69 Hz (peak magnitude: 1.04, max amplitude: 9999)
FFT detected frequency: 429.69 Hz (peak magnitude: 1.04, max amplitude: 9999)
FFT detected frequency: 429.69 Hz (peak magnitude: 1.04, max amplitude: 9999)
FFT detected frequency: 429.69 Hz (peak magnitude: 1.04, max amplitude: 9999)
FFT detected frequency: 429.69 Hz (peak magnitude: 1.04, max amplitude: 9999)
FFT detected frequency: 429.69 Hz (peak magnitude: 1.04, max amplitude: 9999)
FFT detected frequency: 429.69 Hz (peak magnitude: 1.04, max amplitude: 9999)
FFT detected frequency: 429.69 Hz (peak magnitude: 1.04, max amplitude: 9999)
FFT detected frequency: 429.69 Hz (peak magnitude: 1.04, max amplitude: 9999)
FFT detected frequency: 429.69 Hz (peak magnitude: 1.04, max amplitude: 9999)
FFT detected frequency: 429.69 Hz (peak magnitude: 1.04, max amplitude: 9999)
FFT detected frequency: 429.69 Hz (peak magnitude: 1.04, max amplitude: 9999)
FFT detected frequency: 429.69 Hz (peak magnitude: 1.04, max amplitude: 9999)
FFT detected frequency: 429.69 Hz (peak magnitude: 1.04, max amplitude: 9999)
FFT detected frequency: 429.69 Hz (peak magnitude: 1.04, max amplitude: 9999)
FFT detected frequency: 429.69 Hz (peak magnitude: 1.04, max amplitude: 9999)
FFT detected frequency: 429.69 Hz (peak magnitude: 1.04, max amplitude: 9999)
FFT detected frequency: 429.69 Hz (peak magnitude: 1.04, max amplitude: 9999)
FFT detected frequency: 429.69 Hz (peak magnitude: 1.04, max amplitude: 9999)
FFT detected frequency: 429.69 Hz (peak magnitude: 1.04, max amplitude: 9999)
FFT detected frequency: 429.69 Hz (peak magnitude: 1.04, max amplitude: 9999)
FFT detected frequency: 429.69 Hz (peak magnitude: 1.04, max amplitude: 9999)
FFT detected frequency: 429.69 Hz (peak magnitude: 1.04, max amplitude: 9999)
FFT detected frequency: 429.69 Hz (peak magnitude: 1.04, max amplitude: 9999)
FFT detected frequency: 429.69 Hz (peak magnitude: 1.04, max amplitude: 9999)
FFT detected frequency: 429.69 Hz (peak magnitude: 1.04, max amplitude: 9999)
FFT detected frequency: 429.69 Hz (peak magnitude: 1.04, max amplitude: 9999)
FFT detected frequency: 429.69 Hz (peak magnitude: 1.04, max amplitude: 9999)
FFT detected frequency: 429.69 Hz (peak magnitude: 1.04, max amplitude: 9999)
FFT detected frequency: 429.69 Hz (peak magnitude: 1.04, max amplitude: 9999)
FFT detected frequency: 429.69 Hz (peak magnitude: 1.04, max amplitude: 9999)
FFT detected frequency: 429.69 Hz (peak magnitude: 1.04, max amplitude: 9999)
FFT detected frequency: 429.69 Hz (peak magnitude: 1.04, max amplitude: 9999)
FFT detected frequency: 429.69 Hz (peak magnitude: 1.04, max amplitude: 9999)
FFT detected frequency: 429.69 Hz (peak magnitude: 1.04, max amplitude: 9999)
FFT detected frequency: 429.69 Hz (peak magnitude: 1.04, max amplitude: 9999)
FFT detected frequency: 429.69 Hz (peak magnitude: 1.04, max amplitude: 9999)
FFT detected frequency: 429.69 Hz (peak magnitude: 1.04, max amplitude: 9999)
FFT detected frequency: 429.69 Hz (peak magnitude: 1.04, max amplitude: 9999)
FFT detected frequency: 429.69 Hz (peak magnitude: 1.04, max amplitude: 9999)
FFT detected frequency: 429.69 Hz (peak magnitude: 1.04, max amplitude: 9999)
FFT detected frequency: 429.69 Hz (peak magnitude: 1.04, max amplitude: 9999)
FFT detected frequency: 429.69 Hz (peak magnitude: 1.04, max amplitude: 9999)
FFT detected frequency: 429.69 Hz (peak magnitude: 1.04, max amplitude: 9999)
FFT detected frequency: 429.69 Hz (peak magnitude: 1.04, max amplitude: 9999)
FFT detected frequency: 429.69 Hz (peak magnitude: 1.04, max amplitude: 9999)
FFT Performance (100 iterations):
  Average time per FFT: 0.3700 ms
  Estimated Teensy time: ~0.12 ms (600 MHz CPU)
  CPU load at 10 kHz:   ~0.12%
  Status:               Γ£ô REAL-TIME CAPABLE


ΓòöΓòÉΓòÉΓòÉΓòÉΓòÉΓòÉΓòÉΓòÉΓòÉΓòÉΓòÉΓòÉΓòÉΓòÉΓòÉΓòÉΓòÉΓòÉΓòÉΓòÉΓòÉΓòÉΓòÉΓòÉΓòÉΓòÉΓòÉΓòÉΓòÉΓòÉΓòÉΓòÉΓòÉΓòÉΓòÉΓòÉΓòÉΓòÉΓòÉΓòÉΓòÉΓòÉΓòÉΓòÉΓòÉΓòÉΓòù
Γòæ            TEST SUITE COMPLETE               Γòæ
Γòæ     All systems ready for deployment!        Γòæ
ΓòÜΓòÉΓòÉΓòÉΓòÉΓòÉΓòÉΓòÉΓòÉΓòÉΓòÉΓòÉΓòÉΓòÉΓòÉΓòÉΓòÉΓòÉΓòÉΓòÉΓòÉΓòÉΓòÉΓòÉΓòÉΓòÉΓòÉΓòÉΓòÉΓòÉΓòÉΓòÉΓòÉΓòÉΓòÉΓòÉΓòÉΓòÉΓòÉΓòÉΓòÉΓòÉΓòÉΓòÉΓòÉΓòÉΓòÉΓò¥

